[www.wehouse.in/index.html]
[backblue.gif]
[fade.gif]
[index.html]
[www.wehouse.in/images/wehouse-iconf5e7.svg]
[www.wehouse.in/fonts/Satoshi-Variable.woff2]
[www.wehouse.in/css/sitee1de.css]
[www.wehouse.in/images/hero-bg-base.webp]
[www.wehouse.in/images/wehouse-logo.svg]
[www.wehouse.in/images/wehouse-logo-whiteorange.svg]
[www.wehouse.in/service/residential-construction.html]
[www.wehouse.in/service/commercial-construction.html]
[www.wehouse.in/service/architecture-structural.html]
[www.wehouse.in/service/interior-designing.html]
[www.wehouse.in/portfolio.html]
[www.wehouse.in/packages.html]
[www.wehouse.in/quality-assurance.html]
[www.wehouse.in/how-it-works.html]
[www.wehouse.in/faqs.html]
[www.wehouse.in/glossary.html]
[www.wehouse.in/emonitoring.html]
[www.wehouse.in/testimonials.html]
[www.wehouse.in/why-choose-us.html]
[www.wehouse.in/blog.html]
[www.wehouse.in/media.html]
[www.wehouse.in/become-a-professional.html]
[www.wehouse.in/company/about-us.html]
[www.wehouse.in/planner.html]
[www.wehouse.in/contact-us.html]
[www.wehouse.in/images/hero-families/family-1-768w.webp]
[www.wehouse.in/images/hero-families/family-2-768w.webp]
[www.wehouse.in/images/hero-families/family-3-768w.webp]
[www.wehouse.in/images/wshape.svg]
[www.wehouse.in/images/500plusprojects.png]
[www.wehouse.in/images/services/home-construction.png]
[www.wehouse.in/images/services/commercial-construction.png]
[www.wehouse.in/images/services/architecture-structure.png]
[www.wehouse.in/images/services/interiors-smarthome.png]
[www.wehouse.in/images/mediamentions/entreprenureindia.svg]
[www.wehouse.in/images/mediamentions/businessline.svg]
[www.wehouse.in/images/mediamentions/moneycontrol-logo-vector.svg]
[www.wehouse.in/images/projects/AP-01.webp]
[www.wehouse.in/images/projects/CH-05.webp]
[www.wehouse.in/images/projects/TS-135.webp]
[www.wehouse.in/images/projects/TS-137.webp]
[www.wehouse.in/images/projects/TS-143.webp]
[www.wehouse.in/images/projects/TS-72.webp]
[www.wehouse.in/images/happy-clients/client1.webp]
[www.wehouse.in/images/happy-clients/client2.webp]
[www.wehouse.in/images/happy-clients/client3.webp]
[www.wehouse.in/images/happy-clients/client4.webp]
[www.wehouse.in/images/happy-clients/client5.webp]
[www.wehouse.in/images/happy-clients/client6.webp]
[www.wehouse.in/images/happy-clients/client7.webp]
[www.wehouse.in/images/happy-clients/client8.webp]
[www.wehouse.in/images/happy-clients/client9.webp]
[www.wehouse.in/images/happy-clients/client10.webp]
[www.wehouse.in/images/happy-clients/client11.webp]
[www.wehouse.in/images/happy-clients/client12.webp]
[www.wehouse.in/images/happy-clients/client13.webp]
[www.wehouse.in/images/e-monitoringfb66.webp]
[www.wehouse.in/images/testimonial-01.jpg]
[www.wehouse.in/images/testimonial-02.jpg]
[www.wehouse.in/images/testimonial-03.jpg]
[www.wehouse.in/images/hyderabad.webp]
[www.wehouse.in/images/chennai.webp]
[www.wehouse.in/images/bengaluru.webp]
[www.wehouse.in/images/vijaywada.webp]
[www.wehouse.in/images/india-map.svg]
[www.wehouse.in/images/jaipur.webp]
[www.wehouse.in/images/cahndigarh.webp]
[www.wehouse.in/images/ahmedabad.webp]
[www.wehouse.in/images/pune.webp]
[www.wehouse.in/images/Trophy.zip]
[www.wehouse.in/images/Prohouse Intro Animation.zip]
[www.wehouse.in/service.html]
[www.wehouse.in/js/privyr-utm3740.js]
[www.wehouse.in/js/lead-otp27e8.js]
[cdnjs.cloudflare.com/ajax/libs/gsap/3.12.5/gsap.min.js]
[cdnjs.cloudflare.com/ajax/libs/gsap/3.12.5/ScrollTrigger.min.js]
[www.wehouse.in/js/sited3b9.js]
[www.wehouse.in/js/hero-enquiry2f00.js]
[www.wehouse.in/index.html]
[www.googletagmanager.com/gtm5445.html]
[js.hs-scripts.com/20348301.json]
[www.wehouse.in/images/wehouse-iconf5e7.svg]
[www.wehouse.in/js/faqs-page4227.js]
[www.wehouse.in/images/header-bg-white.webp]
[www.wehouse.in/images/header-bg.webp]
[www.wehouse.in/images/how-it-works/hiw-1.webp]
[www.wehouse.in/images/how-it-works/hiw-2.webp]
[www.wehouse.in/images/how-it-works/hiw-3.webp]
[www.wehouse.in/images/how-it-works/hiw-4.webp]
[www.wehouse.in/images/how-it-works/hiw-5.webp]
[www.wehouse.in/images/how-it-works/hiw-6.webp]
[www.wehouse.in/images/second-section-bg.webp]
[www.wehouse.in/fonts/Satoshi-Variable.woff]
[www.wehouse.in/css/sitee1de.css]
[www.wehouse.in/images/wehouse-logo.svg]
[www.wehouse.in/images/wehouse-logo-whiteorange.svg]
[www.wehouse.in/images/header-bg-white9bd9.webp]
[www.wehouse.in/packages/hyderabad.html]
[www.wehouse.in/portfolio/TS-48.html]
[www.wehouse.in/uploads/portfolio/6960c92dcc474337891c13f4d2fb2d8d.jpg]
[www.wehouse.in/portfolio/TS-143.html]
[www.wehouse.in/uploads/portfolio/48fe5fcff13e45eb8b3c786237f0d13d.jpg]
[www.wehouse.in/portfolio/TS-135.html]
[www.wehouse.in/uploads/portfolio/07d046582d8f4e14ad8ca1aae3f3b111.jpg]
[www.wehouse.in/portfolio/TS-110.html]
[www.wehouse.in/uploads/portfolio/dd2cba7831a649b8a44b15d23a941bbf.jpg]
[www.wehouse.in/portfolio/TS-93.html]
[www.wehouse.in/uploads/portfolio/a27a578ff8c24d058aebf680ddc3d547.jpg]
[www.wehouse.in/portfolio/TS-92.html]
[www.wehouse.in/uploads/portfolio/52ed78b34fdd47e58913586af9281ced.jpg]
[www.wehouse.in/portfolio3560.html]
[www.wehouse.in/service/residential-construction.html]
[www.wehouse.in/js/service-pagesc99c.js]
[www.wehouse.in/images/commercial-construction-hero-bg.webp]
[www.wehouse.in/images/commercial-construction-hero-bg15aa.webp]
[www.wehouse.in/portfolio1d3c.html]
[www.wehouse.in/images/commercial-construction-img89e7.png]
[www.wehouse.in/portfolio/Commercial.html]
[www.wehouse.in/uploads/portfolio/a8549b91db1f493cacc82471212bdfbd.jpg]
[www.wehouse.in/service/commercial-construction.html]
[www.wehouse.in/portfolio4b00.html]
[www.wehouse.in/images/architecture-structure-hero-bg.webp]
[www.wehouse.in/images/architecture-structure-hero-bg5d42.webp]
[www.wehouse.in/service/architecture-structural.html]
[www.wehouse.in/portfolio1bf3.html]
[www.wehouse.in/images/interiors-smarthome-hero-bg.webp]
[www.wehouse.in/images/interiors-smarthome-hero-bgfab9.webp]
[www.wehouse.in/portfoliod09f.html]
[www.wehouse.in/service/interior-designing.html]
[www.wehouse.in/portfolio2629.html]
[www.wehouse.in/portfolio/TS-137.html]
[www.wehouse.in/uploads/portfolio/aaf85742d3a24584925c06af8bd4f6fd.jpg]
[www.wehouse.in/portfolio/AP-01.html]
[www.wehouse.in/uploads/portfolio/cfd962aee320470c97839765ce094f60.jpg]
[www.wehouse.in/portfolio/CG-02.html]
[www.wehouse.in/uploads/portfolio/9c009a6fbdaf40f188dc9dd1ab12a196.jpg]
[www.wehouse.in/portfolio/TS-158.html]
[www.wehouse.in/uploads/portfolio/bdbc4c7a3a374b4b86ae64f38ad55262.jpg]
[www.wehouse.in/portfolio/CG-03.html]
[www.wehouse.in/uploads/portfolio/a9b8ca22f6574b81a018abab56ab60a4.jpg]
[www.wehouse.in/portfolio/CH-05.html]
[www.wehouse.in/uploads/portfolio/caad9a501c404271afc2b6eb221793e8.jpg]
[www.wehouse.in/uploads/portfolio/efd223fe2a564cc2b3da6378b2661191.jpg]
[www.wehouse.in/portfolio/JP-05.html]
[www.wehouse.in/uploads/portfolio/721506cabda44ff4aa80258d0be56272.jpg]
[www.wehouse.in/portfolio/JP-06.html]
[www.wehouse.in/uploads/portfolio/def4325a56db4e8192ad424b79ff4d6e.jpg]
[www.wehouse.in/portfolio/CH-12.html]
[www.wehouse.in/uploads/portfolio/416ae67150934e768c94f5889407988d.jpg]
[www.wehouse.in/portfolio/CH-13.html]
[www.wehouse.in/uploads/portfolio/7e0522c26dfd46b6a6d32bd5f7a748b7.jpg]
[www.wehouse.in/portfolio/CH-16.html]
[www.wehouse.in/uploads/portfolio/a20e2161a804479593734bbf797bd278.jpg]
[www.wehouse.in/portfolio/CH-17.html]
[www.wehouse.in/uploads/portfolio/2ddcaee9768b45a4b32ce9fe6d6cee8d.jpg]
[www.wehouse.in/portfolio/JP-07.html]
[www.wehouse.in/uploads/portfolio/e07c56de318e435283ba6347db8252e6.jpg]
[www.wehouse.in/portfolio/TS-108.html]
[www.wehouse.in/uploads/portfolio/90d0b19ee33c40bfbaf25b077807959a.jpg]
[www.wehouse.in/portfolio/TS-73.html]
[www.wehouse.in/uploads/portfolio/ff12d6c82acf448eb755ff8fe94dde82.jpg]
[www.wehouse.in/portfolio/TS-169.html]
[www.wehouse.in/uploads/portfolio/97e23a9fa16243c5bf941169330f1145.jpg]
[www.wehouse.in/portfolio/JP-08.html]
[www.wehouse.in/uploads/portfolio/1e4cc3a686ca458a82364d8525f41480.jpg]
[www.wehouse.in/portfolio/CG-04.html]
[www.wehouse.in/uploads/portfolio/2e8f440dc6d544b68fda6712e6a312d4.jpg]
[www.wehouse.in/portfolio/JP-11.html]
[www.wehouse.in/uploads/portfolio/d21fbd62473e44ed861b8148d2ffcde5.jpg]
[www.wehouse.in/portfolio/TS-107.html]
[www.wehouse.in/uploads/portfolio/20084fe6b97a4b3384416babab919620.jpg]
[www.wehouse.in/portfolio/TS-148.html]
[www.wehouse.in/uploads/portfolio/61fc1a3f2a9542ba8d96ddada236c243.jpg]
[www.wehouse.in/portfolio/TS-41.html]
[www.wehouse.in/uploads/portfolio/1233f2b6454d489887b7179716d6ae05.jpg]
[www.wehouse.in/portfolio/TS-121.html]
[www.wehouse.in/uploads/portfolio/93abc9bf54fb4a5b8f0ce39038ae537e.jpg]
[www.wehouse.in/portfolio/TS-122.html]
[www.wehouse.in/uploads/portfolio/11246f0e17f047ae8eb588aa216105b5.jpg]
[www.wehouse.in/portfolio/TS-124.html]
[www.wehouse.in/uploads/portfolio/db5bf9c7c21c465188e95b9cff06ed3c.jpg]
[www.wehouse.in/portfolio/TS-125.html]
[www.wehouse.in/uploads/portfolio/a203c6ec1d13433c8cb11baa9fa201fd.jpg]
[www.wehouse.in/portfolio/TS-126.html]
[www.wehouse.in/uploads/portfolio/145f816b093f48c08a0bd2d0195f1a3a.jpg]
[www.wehouse.in/portfolio/JP-10.html]
[www.wehouse.in/uploads/portfolio/c1c81dc5b4a14808b7d15fe49cfd20ff.jpg]
[www.wehouse.in/portfolio/TS-128.html]
[www.wehouse.in/uploads/portfolio/1cbf9910e85a4a82a66b3ff98098cd20.jpg]
[www.wehouse.in/portfolio/JP-09.html]
[www.wehouse.in/uploads/portfolio/5022887b14bb42cebce94856309f408c.jpg]
[www.wehouse.in/portfolio/TS-184.html]
[www.wehouse.in/uploads/portfolio/8e9fa8da2ccf40818200c7d6273d22c8.jpg]
[www.wehouse.in/portfolio/TS-129.html]
[www.wehouse.in/uploads/portfolio/0be6e78b6c75462b958f5d0f6889fdd4.jpg]
[www.wehouse.in/portfolio/TS-130.html]
[www.wehouse.in/uploads/portfolio/8341a65705ad409db25ce9f0f9543cc5.jpg]
[www.wehouse.in/portfolio/TS-132.html]
[www.wehouse.in/uploads/portfolio/1403a6ac36e442fca2aeea021261f785.jpg]
[www.wehouse.in/portfolio/CG-01.html]
[www.wehouse.in/uploads/portfolio/d4ee710f56114c22a3a93719b806d087.jpg]
[www.wehouse.in/portfolio/TS-160.html]
[www.wehouse.in/uploads/portfolio/9a47694af88841bbb776cd837e0129aa.jpg]
[www.wehouse.in/portfolio/TS-149.html]
[www.wehouse.in/uploads/portfolio/2f9dfffb6082494f9d69463a73ce1a8f.jpg]
[www.wehouse.in/portfolio/TS-150.html]
[www.wehouse.in/uploads/portfolio/4cbbd3a4f4774672b90373af33c93b6e.jpg]
[www.wehouse.in/portfolio/TS-162.html]
[www.wehouse.in/uploads/portfolio/0ba238fa903c490587fe0849e724308a.jpg]
[www.wehouse.in/portfolio/TS-164.html]
[www.wehouse.in/uploads/portfolio/ff56170337e546a890b8337fc694dd22.jpg]
[www.wehouse.in/portfolio/TS-190.html]
[www.wehouse.in/uploads/portfolio/7c47eae068ca42ab8d6767baf6b01306.jpg]
[www.wehouse.in/portfolio/TS-146.html]
[www.wehouse.in/uploads/portfolio/7f73a8058ec4417bbc900f8c04262810.jpg]
[www.wehouse.in/portfolio/TS-193.html]
[www.wehouse.in/uploads/portfolio/bf3c03a7b5c44416b18bed897e117ba0.jpg]
[www.wehouse.in/uploads/portfolio/11243bf520844b7c974fa42a767032c0.jpg]
[www.wehouse.in/portfolio/TS-212.html]
[www.wehouse.in/uploads/portfolio/a01bd9034edb446f9e82d2bc693f8f18.jpg]
[www.wehouse.in/portfolio/TS-49.html]
[www.wehouse.in/uploads/portfolio/7910fd9487fc464689bb89196919d310.jpg]
[www.wehouse.in/portfolio/TS-70.html]
[www.wehouse.in/uploads/portfolio/cc6e24ea90a540cb82c487493e2b7d1b.jpg]
[www.wehouse.in/portfolio/TS-72.html]
[www.wehouse.in/uploads/portfolio/ab7c6065bbde47869c1fd584f8a87e78.jpg]
[www.wehouse.in/portfolio/TS-96.html]
[www.wehouse.in/uploads/portfolio/f1d0a55cbdb048faa50f4e75883e7c9b.jpg]
[www.wehouse.in/portfolio.html]
[www.wehouse.in/js/portfoliocaad.js]
[www.wehouse.in/packages.html]
[www.wehouse.in/js/packages9ef2.js]
[www.wehouse.in/documents/wehouse-structural-warranty-terms.pdf]
[www.wehouse.in/documents/wehouse-sample-quality-checklist.pdf]
[www.wehouse.in/quality-assurance.html]
[www.wehouse.in/how-it-works.html]
[www.wehouse.in/faqs.html]
[www.wehouse.in/js/quality-assuranceafcd.js]
[www.wehouse.in/glossary/plinth-beam.html]
[www.wehouse.in/glossary/boq.html]
[www.wehouse.in/glossary/carpet-area.html]
[www.wehouse.in/glossary/far-fsi.html]
[www.wehouse.in/glossary/m20-concrete.html]
[www.wehouse.in/glossary/setback.html]
[www.wehouse.in/glossary/slump-test.html]
[www.wehouse.in/glossary/vaastu.html]
[www.wehouse.in/glossary/waterproofing.html]
[www.wehouse.in/glossary.html]
[www.wehouse.in/emonitoring.html]
[www.wehouse.in/testimonials.html]
[www.wehouse.in/why-choose-us.html]
[www.wehouse.in/js/glossary-index3ca7.js]
[www.wehouse.in/blog-details/the-digital-blueprint-how-proptech-is-redefining-home-building-in-a-post-pandemic-india.html]
[www.wehouse.in/images/blog-import/the-digital-blueprint-how-proptech-is-redefining-home-building-in-a-post-pandemic-india.jpg]
[www.wehouse.in/blog-details/building-your-dream-home-in-jaipur-a-real-guide-to-residential-construction.html]
[www.wehouse.in/images/blog-import/building-your-dream-home-in-jaipur-a-real-guide-to-residential-construction.png]
[www.wehouse.in/blog-details/building-your-dream-home-in-jaipur-starts-with-the-right-partner.html]
[www.wehouse.in/images/blog-import/building-your-dream-home-in-jaipur-starts-with-the-right-partner.jpg]
[www.wehouse.in/blog-details/doors-for-your-home-a-complete-guide-by-wehouse.html]
[www.wehouse.in/images/blog-import/doors-for-your-home-a-complete-guide-by-wehouse.jpg]
[www.wehouse.in/blog-details/elevate-your-modern-bathroom-with-wehouse-home-construction-in-hyderabad.html]
[www.wehouse.in/images/blog-import/elevate-your-modern-bathroom-with-wehouse-home-construction-in-hyderabad.jpg]
[www.wehouse.in/blog-details/mastering-plot-design-with-wehouse-home-construction.html]
[www.wehouse.in/images/blog-import/mastering-plot-design-with-wehouse-home-construction.jpg]
[www.wehouse.in/blog-details/transform-your-kitchen-with-wehouse.html]
[www.wehouse.in/images/blog-import/transform-your-kitchen-with-wehouse.jpg]
[www.wehouse.in/blog-details/flooring-options-for-your-dream-home-with-wehouse.html]
[www.wehouse.in/images/blog-import/flooring-options-for-your-dream-home-with-wehouse.jpg]
[www.wehouse.in/blog-details/wehouse-delivers-transparency-as-india-s-most-trusted-construction-company.html]
[www.wehouse.in/images/blog-import/wehouse-delivers-transparency-as-india-s-most-trusted-construction-company.jpg]
[www.wehouse.in/blog-details/building-your-dream-home-in-chennai-2025.html]
[www.wehouse.in/images/blog-import/building-your-dream-home-in-chennai-2025.jpg]
[www.wehouse.in/blog-details/decoding-the-construction-quote-what-homeowners-must-know-before-building.html]
[www.wehouse.in/images/blog-import/decoding-the-construction-quote-what-homeowners-must-know-before-building.jpg]
[www.wehouse.in/blog-details/choosing-the-right-builder-for-your-home-construction-in-2025.html]
[www.wehouse.in/images/blog-import/choosing-the-right-builder-for-your-home-construction-in-2025.jpg]
[www.wehouse.in/blog-details/why-structural-design-is-crucial-for-home-construction-project-.html]
[www.wehouse.in/images/blog-import/why-structural-design-is-crucial-for-home-construction-project.jpg]
[www.wehouse.in/blog-details/quick-checklist-for-affordable-home-construction-in-india.html]
[www.wehouse.in/images/blog-import/quick-checklist-for-affordable-home-construction-in-india.jpg]
[www.wehouse.in/blog-details/how-material-costs-impact-home-construction-in-india-.html]
[www.wehouse.in/images/blog-import/how-material-costs-impact-home-construction-in-india.jpg]
[www.wehouse.in/blog-details/interior-design-trends-shaping-chennai-homes-in-2025-.html]
[www.wehouse.in/images/blog-import/interior-design-trends-shaping-chennai-homes-in-2025.jpg]
[www.wehouse.in/blog-details/guide-to-building-a-home-in-hyderabad-2025.html]
[www.wehouse.in/images/blog-import/guide-to-building-a-home-in-hyderabad-2025.jpg]
[www.wehouse.in/blog-details/how-does-wehouse-ensure-transparency-in-home-construction-.html]
[www.wehouse.in/images/blog-import/how-does-wehouse-ensure-transparency-in-home-construction.jpg]
[www.wehouse.in/blog-details/smart-home-automation-unlocking-the-future-of-living-with-wehouse.html]
[www.wehouse.in/images/blog-import/smart-home-automation-unlocking-the-future-of-living-with-wehouse.jpg]
[www.wehouse.in/blog-details/affordable-states-to-build-a-house-in-india.html]
[www.wehouse.in/images/blog-import/affordable-states-to-build-a-house-in-india.jpg]
[www.wehouse.in/blog-details/local-contractors-vs-professional-builders.html]
[www.wehouse.in/images/blog-import/local-contractors-vs-professional-builders.jpg]
[www.wehouse.in/blog-details/best-construction-company-to-build-your-house-wehouse-in-.html]
[www.wehouse.in/images/blog-import/best-construction-company-to-build-your-house-wehouse-in.jpg]
[www.wehouse.in/blog-details/build-dream-home-in-hyderabad-chennai-join-your-hands-with-wehouse-.html]
[www.wehouse.in/images/blog-import/build-dream-home-in-hyderabad-chennai-join-your-hands-with-wehouse.jpg]
[www.wehouse.in/blog-details/home-automation-services-the-future-of-smart-homes-wehouse.html]
[www.wehouse.in/images/blog-import/home-automation-services-the-future-of-smart-homes-wehouse.jpg]
[www.wehouse.in/blog-details/design-trends-in-home-construction-what-s-in-demand-at-wehouse-in-2023.html]
[www.wehouse.in/images/blog-import/design-trends-in-home-construction-what-s-in-demand-at-wehouse-in-2023.jpg]
[www.wehouse.in/blog-details/a-go-to-neutral-cabinet-color.html]
[www.wehouse.in/blog-details/how-to-get-your-residential-building-plan-approved-in-chennai-wehouse-in.html]
[www.wehouse.in/images/blog-import/how-to-get-your-residential-building-plan-approved-in-chennai-wehouse-in.jpg]
[www.wehouse.in/blog-details/color-trends-for-2023-a-home-interiors-guide-smart-home-interior-design-wehouse-in.html]
[www.wehouse.in/images/blog-import/color-trends-for-2023-a-home-interiors-guide-smart-home-interior-design-wehouse-in.jpg]
[www.wehouse.in/blog-details/top-10-construction-company-in-hyderabad-chennai-wehouse-in.html]
[www.wehouse.in/images/blog-import/top-10-construction-company-in-hyderabad-chennai-wehouse-in.jpg]
[www.wehouse.in/blog-details/wehouse-dreams-into-deeds-residential-construction-companies-in-hyderabad-chennai.html]
[www.wehouse.in/images/blog-import/wehouse-dreams-into-deeds-residential-construction-companies-in-hyderabad-chennai.jpg]
[www.wehouse.in/blog-details/best-homes-at-affordable-prices-home-construction-companies-in-india-wehouse-in.html]
[www.wehouse.in/images/blog-import/best-homes-at-affordable-prices-home-construction-companies-in-india-wehouse-in.jpg]
[www.wehouse.in/blog-details/realistic-and-reasonable-budgets-invest-your-trust-with-us-wehouse-.html]
[www.wehouse.in/images/blog-import/realistic-and-reasonable-budgets-invest-your-trust-with-us-wehouse.jpg]
[www.wehouse.in/blog-details/secret-behind-satisfied-and-successful-delivery-of-projects-home-construction-company-wehouse-in.html]
[www.wehouse.in/images/blog-import/secret-behind-satisfied-and-successful-delivery-of-projects-home-construction-company-wehouse-in.jpg]
[www.wehouse.in/blog-details/residential-constructions-trendy-techniques-and-designs-at-wehouse.html]
[www.wehouse.in/images/blog-import/residential-constructions-trendy-techniques-and-designs-at-wehouse.jpg]
[www.wehouse.in/blog-details/wehouse-company-for-the-construction-residential-commercial.html]
[www.wehouse.in/images/blog-import/wehouse-company-for-the-construction-residential-commercial.png]
[www.wehouse.in/blog-details/eco-friendly-constructions-residential-commercial-wehouse-in.html]
[www.wehouse.in/images/blog-import/eco-friendly-constructions-residential-commercial-wehouse-in.jpg]
[www.wehouse.in/blog-details/residential-construction-contractors-construction-hyderabad-wehouse.html]
[www.wehouse.in/images/blog-import/residential-construction-contractors-construction-hyderabad-wehouse.jpg]
[www.wehouse.in/blog-details/wehouse--home-construction-build-a-home-in-hyderabad.html]
[www.wehouse.in/images/blog-import/wehouse--home-construction-build-a-home-in-hyderabad.jpg]
[www.wehouse.in/blog-details/why-facts-remote-monitoring-essential-for-every-construction-site-wehouse-in.html]
[www.wehouse.in/images/blog-import/why-facts-remote-monitoring-essential-for-every-construction-site-wehouse-in.jpg]
[www.wehouse.in/blog-details/facts-choosing-a-home-builder-in-hyderabad-wehouse-in.html]
[www.wehouse.in/images/blog-import/facts-choosing-a-home-builder-in-hyderabad-wehouse-in.jpg]
[www.wehouse.in/blog-details/best-home-construction-management-practices-for-2022-wehouse-in.html]
[www.wehouse.in/images/blog-import/best-home-construction-management-practices-for-2022-wehouse-in.jpg]
[www.wehouse.in/blog-details/constructing-a-home-tracking-in-construction-sites-wehouse-in.html]
[www.wehouse.in/images/blog-import/constructing-a-home-tracking-in-construction-sites-wehouse-in.jpg]
[www.wehouse.in/blog-details/how-to-low-cost-construction-techniques-to-consider-in-2022-wehouse-in.html]
[www.wehouse.in/images/blog-import/how-to-low-cost-construction-techniques-to-consider-in-2022-wehouse-in.jpg]
[www.wehouse.in/blog-details/5-home-building-technologies-of-the-future-wehouse-in.html]
[www.wehouse.in/images/blog-import/5-home-building-technologies-of-the-future-wehouse-in.jpg]
[www.wehouse.in/blog-details/6-techniques-for-sustainable-building-construction-wehouse-in.html]
[www.wehouse.in/images/blog-import/6-techniques-for-sustainable-building-construction-wehouse-in.png]
[www.wehouse.in/blog-details/here-is-why-constructing-a-home-in-india-is-profitable-for-nris-wehouse-in.html]
[www.wehouse.in/images/blog-import/here-is-why-constructing-a-home-in-india-is-profitable-for-nris-wehouse-in.jpg]
[www.wehouse.in/blog-details/how-to-identify-and-mitigate-the-risks-on-construction-sites-wehouse-in.html]
[www.wehouse.in/images/blog-import/how-to-identify-and-mitigate-the-risks-on-construction-sites-wehouse-in.jpg]
[www.wehouse.in/blog-details/building-house-vs-buying-a-house-which-is-best-wehouse-in.html]
[www.wehouse.in/images/blog-import/building-house-vs-buying-a-house-which-is-best-wehouse-in.jpg]
[www.wehouse.in/blog-details/contact-to-construction-contractors-wehouse-advantages-of-hiring-professional-in-hyderabad.html]
[www.wehouse.in/images/blog-import/contact-to-construction-contractors-wehouse-advantages-of-hiring-professional-in-hyderabad.jpg]
[www.wehouse.in/blog-details/prices-of-building-materials-up-30-percent-effects-house-construction--source-toi.html]
[www.wehouse.in/blog-details/sustainable-construction-the-future-or-a-simple-myth.html]
[www.wehouse.in/blog-details/from-labour-intensive-to-quality-centric-technology-changing-indian-construction-industry.html]
[www.wehouse.in/images/blog-import/from-labour-intensive-to-quality-centric-technology-changing-indian-construction-industry.jpg]
[www.wehouse.in/blog-details/home-construction-challenges-in-post-pandemic-india-wehouse-in.html]
[www.wehouse.in/images/blog-import/home-construction-challenges-in-post-pandemic-india-wehouse-in.jpg]
[www.wehouse.in/blog-details/technology-driven-house-construction-processes-for-better-customer-experience-wehouse-in.html]
[www.wehouse.in/images/blog-import/technology-driven-house-construction-processes-for-better-customer-experience-wehouse-in.jpg]
[www.wehouse.in/blog-details/home-construction-challenges-in-post-pandemic-india.html]
[www.wehouse.in/images/blog-import/home-construction-challenges-in-post-pandemic-india.jpg]
[www.wehouse.in/blog-details/things-to-keep-in-mind-while-choosing-home-construction-partner.html]
[www.wehouse.in/images/blog-import/things-to-keep-in-mind-while-choosing-home-construction-partner.jpg]
[www.wehouse.in/blog-details/best-individual-house-builders-in-hyderabad.html]
[www.wehouse.in/images/blog-import/best-individual-house-builders-in-hyderabad.jpg]
[www.wehouse.in/blog-details/planning-and-cost-estimates-for-your-home-in-hyderabad.html]
[www.wehouse.in/images/blog-import/planning-and-cost-estimates-for-your-home-in-hyderabad.jpg]
[www.wehouse.in/blog-details/plan-elevation-designs-from-best-residential-architects-in-hyderabad-wehouse-in.html]
[www.wehouse.in/images/blog-import/plan-elevation-designs-from-best-residential-architects-in-hyderabad-wehouse-in.jpg]
[www.wehouse.in/blog-details/wehouse-technology-driven-building-construction-company-in-india.html]
[www.wehouse.in/images/blog-import/wehouse-technology-driven-building-construction-company-in-india.jpg]
[www.wehouse.in/blog-details/building-a-home-in-hyderabad-new-home-cost-estimator-by-wehouse.html]
[www.wehouse.in/images/blog-import/building-a-home-in-hyderabad-new-home-cost-estimator-by-wehouse.jpg]
[www.wehouse.in/blog-details/eliminating-home-construction-challenges-through-technology.html]
[www.wehouse.in/images/blog-import/eliminating-home-construction-challenges-through-technology.png]
[www.wehouse.in/blog-details/constructions-costs-101-all-you-need-to-know.html]
[www.wehouse.in/images/blog-import/constructions-costs-101-all-you-need-to-know.jpg]
[www.wehouse.in/blog-details/building-a-house-has-never-been-easier-thanks-to-wehouse---home-construction-formerly-hocomoco-here-s-what-they-do.html]
[www.wehouse.in/images/blog-import/building-a-house-has-never-been-easier-thanks-to-wehouse---home-construction-formerly-hocomoco-here-s-what-they-do.jpg]
[www.wehouse.in/blog-details/wehouse---home-construction-formerly-hocomoco---a-proptech-startup-offering-construction-tracking-services.html]
[www.wehouse.in/images/blog-import/wehouse---home-construction-formerly-hocomoco---a-proptech-startup-offering-construction-tracking-services.jpg]
[www.wehouse.in/blog-details/construction-tech-how-can-leveraging-technology-minimize-construction-risks.html]
[www.wehouse.in/images/blog-import/construction-tech-how-can-leveraging-technology-minimize-construction-risks.jpg]
[www.wehouse.in/images/blog-import/sustainable-construction-the-future-or-a-simple-myth.jpg]
[www.wehouse.in/blog-details/building-a-home-for-your-parents-in-india-wehouse---home-construction-formerly-hocomoco-comes-for-the-rescue-of-nris.html]
[www.wehouse.in/images/blog-import/building-a-home-for-your-parents-in-india-wehouse---home-construction-formerly-hocomoco-comes-for-the-rescue-of-nris.jpg]
[www.wehouse.in/blog-details/how-construction-tech-companies-would-change-the-home-building-scenario-after-covid-19.html]
[www.wehouse.in/images/blog-import/how-construction-tech-companies-would-change-the-home-building-scenario-after-covid-19.jpg]
[www.wehouse.in/blog.html]
[www.wehouse.in/js/blog-page8919.js]
[www.wehouse.in/images/media-stories/story-3-covera13b.webp]
[www.wehouse.in/images/media-mentions/media902b.webp]
[www.wehouse.in/images/media-stories/story-4-coverba51.webp]
[www.wehouse.in/images/media-mentions/media1c12e.webp]
[www.wehouse.in/images/media-stories/story-5-cover48b0.webp]
[www.wehouse.in/images/media-mentions/media9fe69.webp]
[www.wehouse.in/images/media-stories/story-7-cover0c0f.webp]
[www.wehouse.in/images/media-mentions/media73136.webp]
[www.wehouse.in/images/media-stories/story-8-cover7330.webp]
[www.wehouse.in/images/media-stories/story-6-cover5b69.webp]
[www.wehouse.in/images/media-mentions/media87fdf.webp]
[www.wehouse.in/media.html]
[www.wehouse.in/images/framer/about-us/Team Picture.webp]
[www.wehouse.in/images/framer/about-us/sripad.webp]
[www.wehouse.in/images/framer/about-us/Rohan.webp]
[www.wehouse.in/images/framer/about-us/Sonamm.webp]
[www.wehouse.in/become-a-professional.html]
[www.wehouse.in/js/careers-page137a.js]
[www.wehouse.in/images/media-stories/story-1-cover260f.webp]
[www.wehouse.in/images/media-stories/story-1-logo0560.webp]
[www.wehouse.in/images/media-stories/story-2-cover00da.webp]
[www.wehouse.in/images/media-stories/story-2-logod5cb.webp]
[www.wehouse.in/images/media-stories/story-3-logo28f3.webp]
[www.wehouse.in/images/media-stories/story-4-logo472c.webp]
[www.wehouse.in/images/media-stories/story-5-logo1948.webp]
[www.wehouse.in/images/media-stories/story-6-logo4395.webp]
[www.wehouse.in/images/media-stories/story-7-logoef25.svg]
[www.wehouse.in/images/media-stories/story-8-logob199.svg]
[www.wehouse.in/images/media-stories/story-9-cover6295.webp]
[www.wehouse.in/images/media-stories/story-9-logo7483.webp]
[www.wehouse.in/images/media-mentions/media26050.webp]
[www.wehouse.in/images/media-mentions/media3c740.webp]
[www.wehouse.in/images/media-mentions/media5cf49.webp]
[www.wehouse.in/images/media-mentions/media6e3d0.webp]
[www.wehouse.in/images/media-mentions/media10a828.webp]
[www.wehouse.in/images/media-mentions/media11150e.webp]
[www.wehouse.in/images/media-mentions/media128069.webp]
[www.wehouse.in/images/media-mentions/media13b0ed.webp]
[www.wehouse.in/images/media-mentions/media145185.webp]
[www.wehouse.in/company/about-us.html]
[www.wehouse.in/planner.html]
[www.wehouse.in/contact-us.html]
[www.wehouse.in/images/wshape.svg]
[www.wehouse.in/images/mediamentions/entreprenureindia.svg]
[www.wehouse.in/images/mediamentions/businessline.svg]
[www.wehouse.in/images/mediamentions/moneycontrol-logo-vector.svg]
[www.wehouse.in/projects.html]
[www.wehouse.in/js/planner.js]
[www.wehouse.in/images/india-map.webp]
[www.wehouse.in/images/india-map.svg]
[www.wehouse.in/service.html]
[www.wehouse.in/images/hero-bg/@Model.html]
[www.wehouse.in/packages/hyderabad.html]
[www.wehouse.in/uploads/portfolio/311f87b9eb3d4a229c46d444fcfbf545.jpg]
[www.wehouse.in/portfolio/TS-48.html]
[www.wehouse.in/js/project-gallery203d.js]
[www.wehouse.in/uploads/portfolio/88d263a00ed044b39d9e8a90770f218c.jpg]
[www.wehouse.in/portfolio/TS-143.html]
[www.wehouse.in/uploads/portfolio/58f8d520aa3b40bfafacbde8e5aa1959.jpg]
[www.wehouse.in/portfolio/TS-135.html]
[www.wehouse.in/uploads/portfolio/076d27d9a29f4c2bbbd6be68b7f6ed2f.jpg]
[www.wehouse.in/portfolio/TS-110.html]
[www.wehouse.in/uploads/portfolio/4751a508d4b1492a903e28176ba3969e.jpg]
[www.wehouse.in/uploads/portfolio/65f16c896f994cc594ea78bda51cb2ff.jpg]
[www.wehouse.in/uploads/portfolio/b501d175c3404b4e9239c8f142203115.jpg]
[www.wehouse.in/uploads/portfolio/12abf0dd34234f2db709025cf5cf8bd6.jpg]
[www.wehouse.in/portfolio/TS-93.html]
[www.wehouse.in/uploads/portfolio/4c9b30e795654b0f992029025c0744ce.jpg]
[www.wehouse.in/portfolio/TS-92.html]
[www.wehouse.in/portfolio3560.html]
[www.wehouse.in/portfolio1d3c.html]
[www.wehouse.in/portfolio/Commercial.html]
[www.wehouse.in/portfolio4b00.html]
[www.wehouse.in/portfolio1bf3.html]
[www.wehouse.in/portfoliod09f.html]
[www.wehouse.in/portfolio2629.html]
[www.wehouse.in/uploads/portfolio/a4d719bf57224723901fd6f24235f414.jpg]
[www.wehouse.in/uploads/portfolio/61705c2c0989444abc9c1034edef331a.jpg]
[www.wehouse.in/uploads/portfolio/f2109d54034a49979bc09e7172d3cdaf.jpg]
[www.wehouse.in/uploads/portfolio/89d3687df34841fbbe22ef1894cc2430.jpg]
[www.wehouse.in/uploads/portfolio/440efe30a0484165897121fc8a92ad99.jpg]
[www.wehouse.in/uploads/portfolio/54402b9dc0624e4daf641629373f5044.jpg]
[www.wehouse.in/uploads/portfolio/46d894a693634aeea0c6d06fbbe879a1.jpg]
[www.wehouse.in/portfolio/TS-137.html]
[www.wehouse.in/portfolio/AP-01.html]
[www.wehouse.in/uploads/portfolio/404fbd905a3e4432acb7b157ec8c7b25.jpg]
[www.wehouse.in/portfolio/CG-02.html]
[www.wehouse.in/uploads/portfolio/c84cae5fdd9c4a8abc5325d868589fe1.jpg]
[www.wehouse.in/portfolio/TS-158.html]
[www.wehouse.in/uploads/portfolio/290c1aba6bc84b11b713c108c9dfa176.jpg]
[www.wehouse.in/uploads/portfolio/7b6778e6a66a4826bf41013906913d16.jpg]
[www.wehouse.in/portfolio/CG-03.html]
[www.wehouse.in/portfolio/CH-05.html]
[www.wehouse.in/portfolio/CH-09/10—.html]
[www.wehouse.in/uploads/portfolio/daf7e2af07834f8a81cf55abbae5a502.jpg]
[www.wehouse.in/portfolio/JP-05.html]
[www.wehouse.in/uploads/portfolio/daba8e704a9c463f9162484efb503b60.jpg]
[www.wehouse.in/portfolio/JP-06.html]
[www.wehouse.in/portfolio/CH-12.html]
[www.wehouse.in/portfolio/CH-13.html]
[www.wehouse.in/portfolio/CH-16.html]
[www.wehouse.in/portfolio/CH-17.html]
[www.wehouse.in/uploads/portfolio/6939d715fcb8482e87aded1457475681.jpg]
[www.wehouse.in/portfolio/JP-07.html]
[www.wehouse.in/portfolio/TS-108.html]
[www.wehouse.in/uploads/portfolio/0e46efb91bca49c6a1b294c91e16d3f6.jpg]
[www.wehouse.in/portfolio/TS-73.html]
[www.wehouse.in/portfolio/TS-169.html]
[www.wehouse.in/uploads/portfolio/4b17662f29a0410f860d68ddea3a8071.jpg]
[www.wehouse.in/portfolio/JP-08.html]
[www.wehouse.in/portfolio/CG-04.html]
[www.wehouse.in/portfolio/JP-11.html]
[www.wehouse.in/uploads/portfolio/c2749c1b24f844d9995884080eab7dbc.jpg]
[www.wehouse.in/portfolio/TS-107.html]
[www.wehouse.in/portfolio/TS-148.html]
[www.wehouse.in/uploads/portfolio/ef027bbcd5ea4b5b9b852d35d40be60b.jpg]
[www.wehouse.in/uploads/portfolio/b5233c702efb49aa9109e3dfd77a1086.jpg]
[www.wehouse.in/uploads/portfolio/cdc81b9554b74d659815dc123affc8a2.jpg]
[www.wehouse.in/uploads/portfolio/a88b283a8a414a649988f344cafbc191.jpg]
[www.wehouse.in/uploads/portfolio/11baf83a56854522a7e6e1f4666433ee.jpg]
[www.wehouse.in/portfolio/TS-41.html]
[www.wehouse.in/portfolio/TS-121.html]
[www.wehouse.in/portfolio/TS-122.html]
[www.wehouse.in/portfolio/TS-124.html]
[www.wehouse.in/portfolio/TS-125.html]
[www.wehouse.in/uploads/portfolio/3f7d80e7ec494ccfb638f27aed907f14.jpg]
[www.wehouse.in/uploads/portfolio/fbb9e8ae57384fbbb638521d6c16df08.jpg]
[www.wehouse.in/uploads/portfolio/61d482bb191e445da47e74cdabd47c04.jpg]
[www.wehouse.in/uploads/portfolio/f7e00eb450eb42b1b61e1a6d7efc5c8d.jpg]
[www.wehouse.in/uploads/portfolio/a85bac45c02a4aa5a1c10e240958ed96.jpg]
[www.wehouse.in/portfolio/TS-126.html]
[www.wehouse.in/uploads/portfolio/ac818cca119c4c21b95a9ec0f54c106d.jpg]
[www.wehouse.in/portfolio/JP-10.html]
[www.wehouse.in/portfolio/TS-128.html]
[www.wehouse.in/portfolio/JP-09.html]
[www.wehouse.in/portfolio/TS-184.html]
[www.wehouse.in/portfolio/TS-129.html]
[www.wehouse.in/portfolio/TS-130.html]
[www.wehouse.in/uploads/portfolio/4c9f976821714dd7a174156611e0cb27.jpg]
[www.wehouse.in/portfolio/TS-132.html]
[www.wehouse.in/portfolio/CG-01.html]
[www.wehouse.in/portfolio/TS-160.html]
[www.wehouse.in/portfolio/TS-149.html]
[www.wehouse.in/uploads/portfolio/f49f1e07fc5d46ae8e3e91a28d326c2c.jpg]
[www.wehouse.in/portfolio/TS-150.html]
[www.wehouse.in/portfolio/TS-162.html]
[www.wehouse.in/portfolio/TS-164.html]
[www.wehouse.in/portfolio/TS-190.html]
[www.wehouse.in/uploads/portfolio/435693cea9dc4f88887bf8b6ded36fa1.jpg]
[www.wehouse.in/uploads/portfolio/688ee80c144f477e87e5158f32932362.jpg]
[www.wehouse.in/portfolio/TS-146.html]
[www.wehouse.in/portfolio/TS-193.html]
[www.wehouse.in/portfolio/TS-208/209/210.html]
[www.wehouse.in/portfolio/TS-212.html]
[www.wehouse.in/uploads/portfolio/b47c2b3cbff041fc81a8756f3c92d01a.jpg]
[www.wehouse.in/portfolio/TS-49.html]
[www.wehouse.in/uploads/portfolio/04c657dd048c42c496886f06d1db8963.jpg]
[www.wehouse.in/portfolio/TS-70.html]
[www.wehouse.in/uploads/portfolio/d31289648a72473bb31cb807876bed9b.jpg]
[www.wehouse.in/portfolio/TS-72.html]
[www.wehouse.in/portfolio/TS-96.html]
[www.wehouse.in/home-construction.html]
[www.wehouse.in/projects-2.html]
[www.wehouse.in/glossary2011.html]
[www.wehouse.in/glossary8be1.html]
[www.wehouse.in/glossary1327.html]
[www.wehouse.in/glossary4854.html]
[www.wehouse.in/glossary1587.html]
[www.wehouse.in/glossaryd495.html]
[www.wehouse.in/glossaryec3e.html]
[www.wehouse.in/glossary726f.html]
[www.wehouse.in/glossary/plinth-level.html]
[www.wehouse.in/glossary/tie-beam.html]
[www.wehouse.in/glossary/damp-proof-course.html]
[www.wehouse.in/glossary/pcc.html]
[www.wehouse.in/glossary/footing.html]
[www.wehouse.in/glossary/tmt-bars.html]
[www.wehouse.in/glossary/shuttering.html]
[www.wehouse.in/glossary/curing.html]
[www.wehouse.in/glossary/plinth-beam.html]
[www.wehouse.in/glossary/honeycombing.html]
[www.wehouse.in/glossary/estimate.html]
[www.wehouse.in/glossary/handover.html]
[www.wehouse.in/glossary/milestone-billing.html]
[www.wehouse.in/glossary/quantity-surveyor.html]
[www.wehouse.in/glossary/boq.html]
[www.wehouse.in/glossary/carpet-area.html]
[www.wehouse.in/glossary/super-built-up-area.html]
[www.wehouse.in/glossary/approved-plan.html]
[www.wehouse.in/glossary/development-charges.html]
[www.wehouse.in/glossary/ground-coverage.html]
[www.wehouse.in/glossary/noc.html]
[www.wehouse.in/glossary/occupancy-certificate.html]
[www.wehouse.in/glossary/offset.html]
[www.wehouse.in/glossary/sanction-plan.html]
[www.wehouse.in/glossary/far-fsi.html]
[www.wehouse.in/glossary/zonal-regulation.html]
[www.wehouse.in/glossary/aac-block.html]
[www.wehouse.in/glossary/admixture.html]
[www.wehouse.in/glossary/aggregate.html]
[www.wehouse.in/glossary/cement.html]
[www.wehouse.in/glossary/grade-of-concrete.html]
[www.wehouse.in/glossary/hollow-block.html]
[www.wehouse.in/glossary/mortar.html]
[www.wehouse.in/glossary/nominal-mix.html]
[www.wehouse.in/glossary/opc-cement.html]
[www.wehouse.in/glossary/m20-concrete.html]
[www.wehouse.in/glossary/setback.html]
[www.wehouse.in/glossary/ready-mix-concrete.html]
[www.wehouse.in/glossary/anchor-bolt.html]
[www.wehouse.in/glossary/as-built-drawing.html]
[www.wehouse.in/glossary/bar-bending-schedule.html]
[www.wehouse.in/glossary/beam.html]
[www.wehouse.in/glossary/brick-masonry.html]
[www.wehouse.in/glossary/cantilever.html]
[www.wehouse.in/glossary/chajja.html]
[www.wehouse.in/glossary/column.html]
[www.wehouse.in/glossary/slump-test.html]
[www.wehouse.in/glossary/vaastu.html]
[www.wehouse.in/glossary/cover-block.html]
[www.wehouse.in/glossary/false-ceiling.html]
[www.wehouse.in/glossary/flush-door.html]
[www.wehouse.in/glossary/hacking.html]
[www.wehouse.in/glossary/ips-flooring.html]
[www.wehouse.in/glossary/jamb.html]
[www.wehouse.in/glossary/kerb.html]
[www.wehouse.in/glossary/kota-stone.html]
[www.wehouse.in/glossary/newel-post.html]
[www.wehouse.in/glossary/plastering.html]
[www.wehouse.in/glossary/waterproofing.html]
[www.wehouse.in/blog-details/the-digital-blueprint-how-proptech-is-redefining-home-building-in-a-post-pandemic-india.html]
[www.wehouse.in/blog-details/building-your-dream-home-in-jaipur-a-real-guide-to-residential-construction.html]
[www.wehouse.in/blog-details/building-your-dream-home-in-jaipur-starts-with-the-right-partner.html]
[www.wehouse.in/blog-details/doors-for-your-home-a-complete-guide-by-wehouse.html]
[www.wehouse.in/blog-details/elevate-your-modern-bathroom-with-wehouse-home-construction-in-hyderabad.html]
[www.wehouse.in/glossary/pop.html]
[www.wehouse.in/blog-details/mastering-plot-design-with-wehouse-home-construction.html]
[www.wehouse.in/blog-details/transform-your-kitchen-with-wehouse.html]
[www.wehouse.in/blog-details/flooring-options-for-your-dream-home-with-wehouse.html]
[www.wehouse.in/blog-details/wehouse-delivers-transparency-as-india-s-most-trusted-construction-company.html]
[www.wehouse.in/blog-details/building-your-dream-home-in-chennai-2025.html]
[www.wehouse.in/blog-details/decoding-the-construction-quote-what-homeowners-must-know-before-building.html]
[www.wehouse.in/blog-details/choosing-the-right-builder-for-your-home-construction-in-2025.html]
[www.wehouse.in/blog-details/why-structural-design-is-crucial-for-home-construction-project-.html]
[www.wehouse.in/blog-details/quick-checklist-for-affordable-home-construction-in-india.html]
[www.wehouse.in/blog-details/how-material-costs-impact-home-construction-in-india-.html]
[www.wehouse.in/blog-details/interior-design-trends-shaping-chennai-homes-in-2025-.html]
[www.wehouse.in/blog-details/guide-to-building-a-home-in-hyderabad-2025.html]
[www.wehouse.in/blog-details/how-does-wehouse-ensure-transparency-in-home-construction-.html]
[www.wehouse.in/blog-details/smart-home-automation-unlocking-the-future-of-living-with-wehouse.html]
[www.wehouse.in/blog-details/affordable-states-to-build-a-house-in-india.html]
[www.wehouse.in/blog-details/local-contractors-vs-professional-builders.html]
[www.wehouse.in/blog-details/best-construction-company-to-build-your-house-wehouse-in-.html]
[www.wehouse.in/blog-details/build-dream-home-in-hyderabad-chennai-join-your-hands-with-wehouse-.html]
[www.wehouse.in/blog-details/home-automation-services-the-future-of-smart-homes-wehouse.html]
[www.wehouse.in/blog-details/design-trends-in-home-construction-what-s-in-demand-at-wehouse-in-2023.html]
[www.wehouse.in/blog-details/a-go-to-neutral-cabinet-color.html]
[www.wehouse.in/blog-details/how-to-get-your-residential-building-plan-approved-in-chennai-wehouse-in.html]
[www.wehouse.in/blog-details/color-trends-for-2023-a-home-interiors-guide-smart-home-interior-design-wehouse-in.html]
[www.wehouse.in/blog-details/top-10-construction-company-in-hyderabad-chennai-wehouse-in.html]
[www.wehouse.in/blog-details/wehouse-dreams-into-deeds-residential-construction-companies-in-hyderabad-chennai.html]
[www.wehouse.in/blog-details/best-homes-at-affordable-prices-home-construction-companies-in-india-wehouse-in.html]
[www.wehouse.in/blog-details/realistic-and-reasonable-budgets-invest-your-trust-with-us-wehouse-.html]
[www.wehouse.in/blog-details/secret-behind-satisfied-and-successful-delivery-of-projects-home-construction-company-wehouse-in.html]
[www.wehouse.in/blog-details/residential-constructions-trendy-techniques-and-designs-at-wehouse.html]
[www.wehouse.in/blog-details/wehouse-company-for-the-construction-residential-commercial.html]
[www.wehouse.in/blog-details/eco-friendly-constructions-residential-commercial-wehouse-in.html]
[www.wehouse.in/service/residential-construction9ff5.html]
[www.wehouse.in/blog-details/residential-construction-contractors-construction-hyderabad-wehouse.html]
[www.wehouse.in/blog-details/wehouse--home-construction-build-a-home-in-hyderabad.html]
[www.wehouse.in/blog-details/why-facts-remote-monitoring-essential-for-every-construction-site-wehouse-in.html]
[www.wehouse.in/blog-details/facts-choosing-a-home-builder-in-hyderabad-wehouse-in.html]
[www.wehouse.in/blog-details/best-home-construction-management-practices-for-2022-wehouse-in.html]
[www.wehouse.in/blog-details/constructing-a-home-tracking-in-construction-sites-wehouse-in.html]
[www.wehouse.in/blog-details/how-to-low-cost-construction-techniques-to-consider-in-2022-wehouse-in.html]
[www.wehouse.in/blog-details/5-home-building-technologies-of-the-future-wehouse-in.html]
[www.wehouse.in/blog-details/6-techniques-for-sustainable-building-construction-wehouse-in.html]
[www.wehouse.in/blog-details/here-is-why-constructing-a-home-in-india-is-profitable-for-nris-wehouse-in.html]
[www.wehouse.in/blog-details/how-to-identify-and-mitigate-the-risks-on-construction-sites-wehouse-in.html]
[www.wehouse.in/blog-details/building-house-vs-buying-a-house-which-is-best-wehouse-in.html]
[www.wehouse.in/blog-details/contact-to-construction-contractors-wehouse-advantages-of-hiring-professional-in-hyderabad.html]
[www.wehouse.in/blog-details/prices-of-building-materials-up-30-percent-effects-house-construction--source-toi.html]
[www.wehouse.in/blog-details/sustainable-construction-the-future-or-a-simple-myth.html]
[www.wehouse.in/blog-details/from-labour-intensive-to-quality-centric-technology-changing-indian-construction-industry.html]
[www.wehouse.in/blog-details/home-construction-challenges-in-post-pandemic-india-wehouse-in.html]
[www.wehouse.in/blog-details/technology-driven-house-construction-processes-for-better-customer-experience-wehouse-in.html]
[www.wehouse.in/blog-details/home-construction-challenges-in-post-pandemic-india.html]
[www.wehouse.in/blog-details/things-to-keep-in-mind-while-choosing-home-construction-partner.html]
[www.wehouse.in/blog-details/best-individual-house-builders-in-hyderabad.html]
[www.wehouse.in/blog-details/planning-and-cost-estimates-for-your-home-in-hyderabad.html]
[www.wehouse.in/blog-details/plan-elevation-designs-from-best-residential-architects-in-hyderabad-wehouse-in.html]
[www.wehouse.in/blog-details/wehouse-technology-driven-building-construction-company-in-india.html]
[www.wehouse.in/blog-details/building-a-home-in-hyderabad-new-home-cost-estimator-by-wehouse.html]
[www.wehouse.in/blog-details/eliminating-home-construction-challenges-through-technology.html]
[www.wehouse.in/blog-details/constructions-costs-101-all-you-need-to-know.html]
[www.wehouse.in/blog-details/building-a-house-has-never-been-easier-thanks-to-wehouse---home-construction-formerly-hocomoco-here-s-what-they-do.html]
[www.wehouse.in/blog-details/wehouse---home-construction-formerly-hocomoco---a-proptech-startup-offering-construction-tracking-services.html]
[www.wehouse.in/blog-details/construction-tech-how-can-leveraging-technology-minimize-construction-risks.html]
[www.wehouse.in/blog-details/building-a-home-for-your-parents-in-india-wehouse---home-construction-formerly-hocomoco-comes-for-the-rescue-of-nris.html]
[www.wehouse.in/blog-details/how-construction-tech-companies-would-change-the-home-building-scenario-after-covid-19.html]
[www.wehouse.in/images/media-stories/story-7-logoef25.svg]
[www.wehouse.in/images/media-stories/story-8-logob199.svg]
[www.wehouse.in/glossary2011.html]
[www.wehouse.in/glossary8be1.html]
[www.wehouse.in/glossary1327.html]
[www.wehouse.in/glossary4854.html]
[www.wehouse.in/glossary1587.html]
[www.wehouse.in/glossaryd495.html]
[www.wehouse.in/glossaryec3e.html]
[www.wehouse.in/glossary726f.html]
[www.wehouse.in/glossary/backfilling.html]
[www.wehouse.in/glossary/bearing-capacity.html]
[www.wehouse.in/glossary/compaction.html]
[www.wehouse.in/glossary/excavation.html]
[www.wehouse.in/glossary/foundation.html]
[www.wehouse.in/glossary/isolated-footing.html]
[www.wehouse.in/glossary/layout-marking.html]
[www.wehouse.in/glossary/plinth-level.html]
[www.wehouse.in/glossary/tie-beam.html]
[www.wehouse.in/glossary/damp-proof-course.html]
[www.wehouse.in/glossary/pcc.html]
[www.wehouse.in/glossary/footing.html]
[www.wehouse.in/glossary/tmt-bars.html]
[www.wehouse.in/glossary/shuttering.html]
[www.wehouse.in/glossary/lean-concrete.html]
[www.wehouse.in/glossary/curing.html]
[www.wehouse.in/glossary/honeycombing.html]
[www.wehouse.in/glossary/estimate.html]
[www.wehouse.in/glossary/handover.html]
[www.wehouse.in/glossary/milestone-billing.html]
[www.wehouse.in/glossary/quantity-surveyor.html]
[www.wehouse.in/glossary/super-built-up-area.html]
[www.wehouse.in/glossary/approved-plan.html]
[www.wehouse.in/glossary/development-charges.html]
[www.wehouse.in/glossary/ground-coverage.html]
[www.wehouse.in/glossary/noc.html]
[www.wehouse.in/glossary/occupancy-certificate.html]
[www.wehouse.in/glossary/offset.html]
[www.wehouse.in/glossary/sanction-plan.html]
[www.wehouse.in/glossary/zonal-regulation.html]
[www.wehouse.in/glossary/aac-block.html]
[www.wehouse.in/glossary/admixture.html]
[www.wehouse.in/glossary/aggregate.html]
[www.wehouse.in/glossary/cement.html]
[www.wehouse.in/glossary/grade-of-concrete.html]
[www.wehouse.in/glossary/hollow-block.html]
[www.wehouse.in/glossary/mortar.html]
[www.wehouse.in/glossary/nominal-mix.html]
[www.wehouse.in/glossary/opc-cement.html]
[www.wehouse.in/glossary/ready-mix-concrete.html]
[www.wehouse.in/glossary/anchor-bolt.html]
[www.wehouse.in/glossary/as-built-drawing.html]
[www.wehouse.in/glossary/bar-bending-schedule.html]
[www.wehouse.in/glossary/beam.html]
[www.wehouse.in/glossary/brick-masonry.html]
[www.wehouse.in/glossary/cantilever.html]
[www.wehouse.in/glossary/chajja.html]
[www.wehouse.in/glossary/column.html]
[www.wehouse.in/glossary/cover-block.html]
[www.wehouse.in/glossary/dead-load.html]
[www.wehouse.in/glossary/false-ceiling.html]
[www.wehouse.in/glossary/flush-door.html]
[www.wehouse.in/glossary/hacking.html]
[www.wehouse.in/glossary/ips-flooring.html]
[www.wehouse.in/glossary/jamb.html]
[www.wehouse.in/glossary/kerb.html]
[www.wehouse.in/glossary/kota-stone.html]
[www.wehouse.in/glossary/newel-post.html]
[www.wehouse.in/glossary/plastering.html]
[www.wehouse.in/glossary/pop.html]
[www.wehouse.in/blog-details/a-guide-to-residential-construction-permits.html]
[www.wehouse.in/service/residential-construction9ff5.html]
[www.wehouse.in/blog-details/”.html]
[www.wehouse.in/glossary/backfilling.html]
[www.wehouse.in/glossary/bearing-capacity.html]
[www.wehouse.in/glossary/compaction.html]
[www.wehouse.in/glossary/excavation.html]
[www.wehouse.in/glossary/foundation.html]
[www.wehouse.in/glossary/isolated-footing.html]
[www.wehouse.in/glossary/layout-marking.html]
[www.wehouse.in/glossary/lean-concrete.html]
[www.wehouse.in/glossary/dead-load.html]
[www.wehouse.in/glossary/rendering.html]
[www.wehouse.in/glossary/rendering.html]
